

 ==================================================================== 
   	  Power Model. (Version: 2.18;  Date: 05/19/2014) 
  	  Input Data File: C:\Windows\TEMP\bmds-dfile-p18jsq1f.(d)  
  	  Gnuplot Plotting File:  C:\Windows\TEMP\bmds-dfile-p18jsq1f.plt
 							Thu Feb 16 23:33:05 2017
 ==================================================================== 

 BMDS_Model_Run 
~~~~~~~~~~~~~~~~~~~~~~~~~~~~~~~~~~~~~~~~~~~~~~~~~~~~~~~~~~~~~~~~~~~~~
 
   The form of the response function is: 

   Y[dose] = control + slope * dose^power


   Dependent variable = Response
   Independent variable = Dose
   The power is restricted to be greater than or equal to 1
   The variance is to be modeled as Var(i) = exp(lalpha + log(mean(i)) * rho)

   Total number of dose groups = 4
   Total number of records with missing values = 0
   Maximum number of iterations = 500
   Relative Function Convergence has been set to: 1e-008
   Parameter Convergence has been set to: 1e-008



                  Default Initial Parameter Values  
                         lalpha =     -2.59271
                            rho =            0
                        control =            0
                          slope =        0.067
                          power =        -9999


           Asymptotic Correlation Matrix of Parameter Estimates

                 lalpha          rho      control        slope        power

    lalpha            1            1      NA             NA               -0.31

       rho            1            1      NA             NA               -0.31

   control      NA             NA             NA             NA             NA       

     slope      NA             NA             NA             NA             NA       

     power        -0.31        -0.31      NA             NA                   1



                                 Parameter Estimates

                                                         95.0% Wald Confidence Interval
       Variable         Estimate        Std. Err.     Lower Conf. Limit   Upper Conf. Limit
         lalpha          4.68949               NA                  NA                  NA
            rho          2.34571               NA                  NA                  NA
        control    -5.05123e-009               NA                  NA                  NA
          slope        0.0677541               NA                  NA                  NA
          power           1.0011               NA                  NA                  NA

At least some variance estimates are negative.
THIS USUALLY MEANS THE MODEL HAS NOT CONVERGED!
Try again from another starting point.



     Table of Data and Estimated Values of Interest

 Dose       N    Obs Mean     Est Mean   Obs Std Dev  Est Std Dev   Scaled Res.
------     ---   --------     --------   -----------  -----------   ----------

    0     6          0   -5.05e-009            0    1.94e-009           6.38
  0.2     6          0       0.0135            0       0.0671         -0.494
  1.5     6          0        0.102            0        0.714         -0.349
   10     4       0.67        0.679         0.67         6.63       -0.00279
 
 Warning: Likelihood for fitted model larger than the Likelihood for model A3.



 Model Descriptions for likelihoods calculated


 Model A1:        Yij = Mu(i) + e(ij)
           Var{e(ij)} = Sigma^2

 Model A2:        Yij = Mu(i) + e(ij)
           Var{e(ij)} = Sigma(i)^2

 Model A3:        Yij = Mu(i) + e(ij)
           Var{e(ij)} = exp(lalpha + rho*ln(Mu(i)))
     Model A3 uses any fixed variance parameters that
     were specified by the user

 Model  R:         Yi = Mu + e(i)
            Var{e(i)} = Sigma^2


                       Likelihoods

            Model      Log(likelihood)   # Param's      AIC
             A1           19.727238            5     -29.454477
             A2            1.#INF00            8      -1.#INF00
             A3          165.963401            6    -319.926802
         fitted         1901.019610            5   -3792.039219
              R           11.613650            2     -19.227300


                   Explanation of Tests  

 Test 1:  Do responses and/or variances differ among Dose levels? 
          (A2 vs. R)
 Test 2:  Are Variances Homogeneous? (A1 vs A2)
 Test 3:  Are variances adequately modeled? (A2 vs. A3)
 Test 4:  Does the Model for the Mean Fit? (A3 vs. fitted)
 (Note:  When rho=0 the results of Test 3 and Test 2 will be the same.)

                     Tests of Mean and Variance Fits    

   Test    -2*log(Likelihood Ratio)  Test df        P-Value    

   Test 1               1.#INF          6          <.0001
   Test 2               1.#INF          3          <.0001
   Test 3               1.#INF          2          <.0001
   Test 4             -3470.11          1          <.0001

The p-value for Test 1 is greater than .05.  There may not be a
diffence between responses and/or variances among the dose levels
Modelling the data with a dose/response curve may not be appropriate

The p-value for Test 2 is greater than .1.  Consider running a 
homogeneous model

The p-value for Test 3 is greater than .1.  The modeled variance appears 
 to be appropriate here

The p-value for Test 4 is less than .1.  You may want to try a different 
model
 

               Benchmark Dose Computation

Specified effect =             1

Risk Type        =     Estimated standard deviations from the control mean 

Confidence level =          0.95

             BMD = 1.#QNAN       

Warning:  optimum may not have been found.  Bad completion code in Optimization routine.
 
BMDL computation failed.